
> pharma@0.1.0 build
> next build

Γû▓ Next.js 16.1.6 (Turbopack)
- Environments: .env.local

  Creating an optimized production build ...
Γ£ô Compiled successfully in 6.9s
  Running TypeScript ...
  Collecting page data using 11 workers ...
  Generating static pages using 11 workers (0/23) ...
  Generating static pages using 11 workers (5/23) 
  Generating static pages using 11 workers (11/23) 
  Generating static pages using 11 workers (17/23) 
Γ£ô Generating static pages using 11 workers (23/23) in 2.8s
  Finalizing page optimization ...

Route (app)                                        Revalidate  Expire
Γöî ╞Æ /
Γö£ Γùï /_not-found
Γö£ ╞Æ /admin
Γö£ ╞Æ /admin/banners
Γö£ ╞Æ /admin/coupons
Γö£ ╞Æ /admin/coupons/new
Γö£ ╞Æ /admin/orders
Γö£ ╞Æ /admin/products
Γö£ ╞Æ /admin/products/[id]/edit
Γö£ ╞Æ /admin/products/new
Γö£ ╞Æ /admin/promotions
Γö£ ╞Æ /admin/users
Γö£ Γùï /auth/login
Γö£ Γùï /auth/signup
Γö£ Γùï /cart
Γö£ Γùï /checkout
Γö£ Γùï /debug
Γö£ Γùï /login
Γö£ ╞Æ /orders
Γö£ ΓùÅ /product/[id]                                          1m      1y
Γöé Γö£ /product/aa7329db-82e1-48d0-b4a4-546c18e9c5ab          1m      1y
Γöé Γö£ /product/d13d9dc6-b9d9-4ee1-b86e-0d314eb3064f          1m      1y
Γöé Γö£ /product/36c87bf0-cd18-4ba9-858e-4f27a6eb6df4          1m      1y
Γöé Γöö /product/c014e7e7-99f8-4f0a-9eb1-6bc80d94fb07          1m      1y
Γö£ ╞Æ /profile
Γö£ Γùï /shop                                                  1m      1y
Γöö Γùï /test-error


╞Æ Proxy (Middleware)

Γùï  (Static)   prerendered as static content
ΓùÅ  (SSG)      prerendered as static HTML (uses generateStaticParams)
╞Æ  (Dynamic)  server-rendered on demand

