
> pharma@0.1.0 build
> next build

Γû▓ Next.js 16.1.6 (Turbopack)
- Environments: .env.local

  Creating an optimized production build ...
Γ£ô Compiled successfully in 6.2s
  Running TypeScript ...
  Collecting page data using 11 workers ...
  Generating static pages using 11 workers (0/20) ...
  Generating static pages using 11 workers (5/20) 
  Generating static pages using 11 workers (10/20) 
  Generating static pages using 11 workers (15/20) 
Fetching products with rating...
Γ£ô Generating static pages using 11 workers (20/20) in 2.4s
  Finalizing page optimization ...

Route (app)
Γöî ╞Æ /
Γö£ Γùï /_not-found
Γö£ ╞Æ /admin
Γö£ ╞Æ /admin/banners
Γö£ ╞Æ /admin/orders
Γö£ ╞Æ /admin/products
Γö£ ╞Æ /admin/products/[id]/edit
Γö£ ╞Æ /admin/products/new
Γö£ ╞Æ /admin/promotions
Γö£ ╞Æ /admin/users
Γö£ Γùï /auth/login
Γö£ Γùï /auth/signup
Γö£ Γùï /cart
Γö£ Γùï /checkout
Γö£ Γùï /debug
Γö£ Γùï /login
Γö£ ╞Æ /orders
Γö£ ╞Æ /product/[id]
Γö£ Γùï /profile
Γöö Γùï /test-error


╞Æ Proxy (Middleware)

Γùï  (Static)   prerendered as static content
╞Æ  (Dynamic)  server-rendered on demand

