components/admin/admin-sidebar.tsx(56,31): error TS2322: Type '(formData?: FormData | undefined) => Promise<ActionResponse>' is not assignable to type 'string | ((formData: FormData) => void | Promise<void>) | undefined'.
  Type '(formData?: FormData | undefined) => Promise<ActionResponse>' is not assignable to type '(formData: FormData) => void | Promise<void>'.
    Type 'Promise<ActionResponse>' is not assignable to type 'void | Promise<void>'.
      Type 'Promise<ActionResponse>' is not assignable to type 'Promise<void>'.
        Type 'ActionResponse' is not assignable to type 'void'.
          Type 'ErrorResponse' is not assignable to type 'void'.
components/admin/key-benefits-manager.tsx(113,46): error TS2345: Argument of type 'string | undefined' is not assignable to parameter of type 'string'.
  Type 'undefined' is not assignable to type 'string'.
components/error-boundaries/index.ts(9,31): error TS2307: Cannot find module './error-boundary' or its corresponding type declarations.
components/error-boundaries/index.ts(12,37): error TS2307: Cannot find module './client-error-boundary' or its corresponding type declarations.
components/error-boundaries/index.ts(18,8): error TS2307: Cannot find module './error-fallback' or its corresponding type declarations.
components/reviews/review-form.tsx(36,9): error TS2322: Type 'Resolver<{ rating: unknown; comment?: string | undefined; }, any, { rating: number; comment?: string | undefined; }>' is not assignable to type 'Resolver<ReviewFormValues, any, ReviewFormValues>'.
  Types of parameters 'options' and 'options' are incompatible.
    Type 'ResolverOptions<ReviewFormValues>' is not assignable to type 'ResolverOptions<{ rating: unknown; comment?: string | undefined; }>'.
      Type 'unknown' is not assignable to type 'number'.
components/reviews/review-form.tsx(80,38): error TS2345: Argument of type '(data: ReviewFormValues) => Promise<void>' is not assignable to parameter of type 'SubmitHandler<TFieldValues>'.
  Types of parameters 'data' and 'data' are incompatible.
    Type 'TFieldValues' is not assignable to type 'ReviewFormValues'.
      Property 'rating' is missing in type 'FieldValues' but required in type 'ReviewFormValues'.
components/user-nav.tsx(26,23): error TS2322: Type '(formData?: FormData | undefined) => Promise<ActionResponse>' is not assignable to type 'string | ((formData: FormData) => void | Promise<void>) | undefined'.
  Type '(formData?: FormData | undefined) => Promise<ActionResponse>' is not assignable to type '(formData: FormData) => void | Promise<void>'.
    Type 'Promise<ActionResponse>' is not assignable to type 'void | Promise<void>'.
      Type 'Promise<ActionResponse>' is not assignable to type 'Promise<void>'.
        Type 'ActionResponse' is not assignable to type 'void'.
          Type 'ErrorResponse' is not assignable to type 'void'.
lib/actions/reviews.ts(79,5): error TS2554: Expected 2 arguments, but got 1.
lib/actions/reviews.ts(80,5): error TS2554: Expected 2 arguments, but got 1.
lib/actions/reviews.ts(122,9): error TS2554: Expected 2 arguments, but got 1.
lib/actions/reviews.ts(123,9): error TS2554: Expected 2 arguments, but got 1.
lib/actions/reviews.ts(145,5): error TS2554: Expected 2 arguments, but got 1.
lib/actions/reviews.ts(146,5): error TS2554: Expected 2 arguments, but got 1.
lib/actions/reviews.ts(184,9): error TS2554: Expected 2 arguments, but got 1.
